[glacial-beyond-47926.herokuapp.com/index.html]
[backblue.gif]
[fade.gif]
[index.html]
[glacial-beyond-47926.herokuapp.com/favicon.ico]
[glacial-beyond-47926.herokuapp.com/assets/css/screenb752.css]
[scontent.xx.fbcdn.net/t31.0-8/12719586_1390452254317685_319841828847243145_o.jpg]
[scontent.xx.fbcdn.net/hphotos-xlt1/v/t1.0-9/11988472_1237269812969264_5417436997324563029_n040b.jpg]
[code.jquery.com/jquery-1.12.0.min.js]
[glacial-beyond-47926.herokuapp.com/rss/index.html]
[glacial-beyond-47926.herokuapp.com/assets/js/jquery.fitvidsb752.js]
[glacial-beyond-47926.herokuapp.com/road-trip/index.html]
[glacial-beyond-47926.herokuapp.com/index.html]
[glacial-beyond-47926.herokuapp.com/assets/js/indexb752.js]
[glacial-beyond-47926.herokuapp.com/author/alec/index.html]
[glacial-beyond-47926.herokuapp.com/assets/fonts/casper-icons3860.eot]
[glacial-beyond-47926.herokuapp.com/assets/fonts/casper-icons3860.woff]
[glacial-beyond-47926.herokuapp.com/housing-adventure/index.html]
[glacial-beyond-47926.herokuapp.com/assets/fonts/casper-icons3860.ttf]
[glacial-beyond-47926.herokuapp.com/assets/css/screenb752.css]
[glacial-beyond-47926.herokuapp.com/assets/fonts/casper-icons3860.svg]
[glacial-beyond-47926.herokuapp.com/untitled/index.html]
[s-media-cache-ak0.pinimg.com/736x/bd/e4/c1/bde4c1857dcaeda9aaccc1b91bf8f5e9.jpg]
[glacial-beyond-47926.herokuapp.com/road-trip/index.html]
[glacial-beyond-47926.herokuapp.com/author/alec/index.html]
[www.sanfrancisco.travel/sites/sftraveldev.prod.acquia-sites.com/files/SanFrancisco_0.jpg]
[glacial-beyond-47926.herokuapp.com/housing-adventure/index.html]
[upload.wikimedia.org/wikipedia/en/thumb/2/2c/Lucasfilm_Ltd._logo.svg/800px-Lucasfilm_Ltd._logo.svg.png]
[glacial-beyond-47926.herokuapp.com/untitled/index.html]
[glacial-beyond-47926.herokuapp.com/assets/fonts/casper-icons3860.svg]
